[m8-live-clean-dqn-seed900] talking to gNB E2 agent (listen=6600, gNB=6655)...

Omega log: ../experiments/results/m8_live_anchor/live_eval/seed900/omega_log.jsonl
{
  "run_id": "m8-live-clean-dqn-seed900",
  "algorithm": "dqn",
  "mode": "live_testbed",
  "seed": 900,
  "n_episodes": 2,
  "mean_reward_per_step": -7.157208333333333,
  "mean_blocks_per_episode": 38.5,
  "mean_urllc_blocks_per_episode": 0.0,
  "blocks_per_episode": [
    45,
    32
  ],
  "blocks_per_episode_by_slice": [
    {
      "mmtc": 45
    },
    {
      "mmtc": 32
    }
  ],
  "mean_rho": null,
  "omega_path": "../experiments/results/m8_live_anchor/live_eval/seed900/omega_log.jsonl",
  "checkpoint_path": "",
  "drift_flag": false,
  "drift_reason": "",
  "sla_compliance_by_slice": {
    "urllc": 0.008333333333333333,
    "embb": 0.0,
    "mmtc": 0.025
  },
  "sla_compliance_all_slices": 0.0,
  "sla_compliance_by_slice_per_episode": [
    {
      "urllc": 0.016666666666666666,
      "embb": 0.0,
      "mmtc": 0.05
    },
    {
      "urllc": 0.0,
      "embb": 0.0,
      "mmtc": 0.0
    }
  ],
  "sla_margin_by_slice": {
    "urllc": -836588.3083333327,
    "embb": -973474.115,
    "mmtc": -324.1775000000001
  },
  "sla_margin_by_slice_per_episode": [
    {
      "urllc": -650288.3166666664,
      "embb": -944570.73,
      "mmtc": -172.9750000000003
    },
    {
      "urllc": -1022888.2999999989,
      "embb": -1002377.5,
      "mmtc": -475.38
    }
  ],
  "mean_mos_by_slice": {
    "urllc": 1.0319332162539163,
    "embb": 1.3594660927851996,
    "mmtc": 4.304159625371297
  },
  "mean_cost": 0.37091666666666673,
  "mean_sla_viol": 1.0
}
