DONE arm=baseline seed=950 elapsed_s=614 rotation_idx=0 ts=2026-07-29T16:10:42+08:00
DONE arm=dqn_sla seed=950 elapsed_s=707 rotation_idx=0 ts=2026-07-29T16:23:06+08:00
DONE arm=dqn_qoe seed=950 elapsed_s=611 rotation_idx=0 ts=2026-07-29T16:33:52+08:00
DONE arm=static_at_cap seed=950 elapsed_s=608 rotation_idx=0 ts=2026-07-29T16:44:35+08:00
DONE arm=dqn_sla seed=951 elapsed_s=613 rotation_idx=1 ts=2026-07-29T16:55:23+08:00
DONE arm=dqn_qoe seed=951 elapsed_s=612 rotation_idx=1 ts=2026-07-29T17:06:10+08:00
DONE arm=static_at_cap seed=951 elapsed_s=607 rotation_idx=1 ts=2026-07-29T17:16:52+08:00
DONE arm=baseline seed=951 elapsed_s=608 rotation_idx=1 ts=2026-07-29T17:27:35+08:00
DONE arm=dqn_qoe seed=952 elapsed_s=612 rotation_idx=2 ts=2026-07-29T17:38:22+08:00
DONE arm=static_at_cap seed=952 elapsed_s=608 rotation_idx=2 ts=2026-07-29T17:49:05+08:00
DONE arm=baseline seed=952 elapsed_s=608 rotation_idx=2 ts=2026-07-29T17:59:48+08:00
DONE arm=dqn_sla seed=952 elapsed_s=612 rotation_idx=2 ts=2026-07-29T18:10:35+08:00
DONE arm=static_at_cap seed=953 elapsed_s=1715 ts=2026-07-29T19:18:02+08:00
DONE arm=static_at_cap seed=954 elapsed_s=1714 ts=2026-07-29T19:47:12+08:00
DONE arm=static_at_cap seed=955 elapsed_s=1713 ts=2026-07-29T20:16:20+08:00
DONE arm=dqn_sla seed=953 elapsed_s=1727 ts=2026-07-29T20:45:42+08:00
DONE arm=dqn_sla seed=954 elapsed_s=1735 ts=2026-07-29T21:15:12+08:00
DONE arm=dqn_sla seed=955 elapsed_s=1731 ts=2026-07-30T16:14:23+08:00
DONE arm=baseline seed=953 elapsed_s=1715 ts=2026-07-30T16:43:33+08:00
DONE arm=dqn_qoe seed=953 elapsed_s=1726 ts=2026-07-30T17:12:54+08:00
DONE arm=baseline seed=954 elapsed_s=1715 ts=2026-07-30T17:42:04+08:00
DONE arm=dqn_qoe seed=954 elapsed_s=1724 ts=2026-07-30T18:11:23+08:00
DONE arm=baseline seed=955 elapsed_s=1716 ts=2026-07-30T18:40:34+08:00
DONE arm=dqn_qoe seed=955 elapsed_s=1725 ts=2026-07-30T19:09:54+08:00
DONE arm=baseline seed=956 elapsed_s=1715 rotation_idx=0 ts=2026-07-30T20:20:22+08:00
DONE arm=dqn_sla seed=956 elapsed_s=1725 rotation_idx=0 ts=2026-07-30T20:49:42+08:00
DONE arm=dqn_qoe seed=956 elapsed_s=1725 rotation_idx=0 ts=2026-07-30T21:19:02+08:00
DONE arm=static_at_cap seed=956 elapsed_s=1712 rotation_idx=0 ts=2026-07-30T21:48:09+08:00
DONE arm=dqn_sla seed=957 elapsed_s=1726 rotation_idx=1 ts=2026-07-30T22:17:29+08:00
DONE arm=dqn_qoe seed=957 elapsed_s=1724 rotation_idx=1 ts=2026-07-30T22:46:48+08:00
DONE arm=static_at_cap seed=957 elapsed_s=1711 rotation_idx=1 ts=2026-07-30T23:15:54+08:00
DONE arm=baseline seed=957 elapsed_s=1716 rotation_idx=1 ts=2026-07-30T23:45:05+08:00
DONE arm=dqn_qoe seed=958 elapsed_s=1725 rotation_idx=2 ts=2026-07-31T00:14:25+08:00
DONE arm=static_at_cap seed=958 elapsed_s=1711 rotation_idx=2 ts=2026-07-31T00:43:31+08:00
DONE arm=baseline seed=958 elapsed_s=1715 rotation_idx=2 ts=2026-07-31T01:12:41+08:00
DONE arm=dqn_sla seed=958 elapsed_s=1726 rotation_idx=2 ts=2026-07-31T01:42:02+08:00
DONE arm=static_at_cap seed=959 elapsed_s=1710 rotation_idx=3 ts=2026-07-31T02:11:07+08:00
DONE arm=baseline seed=959 elapsed_s=1715 rotation_idx=3 ts=2026-07-31T02:40:17+08:00
DONE arm=dqn_sla seed=959 elapsed_s=1727 rotation_idx=3 ts=2026-07-31T03:09:39+08:00
DONE arm=dqn_qoe seed=959 elapsed_s=1725 rotation_idx=3 ts=2026-07-31T03:38:59+08:00
DONE arm=baseline seed=960 elapsed_s=1715 rotation_idx=4 ts=2026-07-31T04:08:09+08:00
DONE arm=dqn_sla seed=960 elapsed_s=1725 rotation_idx=4 ts=2026-07-31T04:37:29+08:00
DONE arm=dqn_qoe seed=960 elapsed_s=1727 rotation_idx=4 ts=2026-07-31T05:06:51+08:00
DONE arm=static_at_cap seed=960 elapsed_s=1714 rotation_idx=4 ts=2026-07-31T05:36:00+08:00
